[23:10:49] waiting for probe stream ...
[23:10:50] === phase 1: 16 persistence controls ===
[23:10:50] CONTROL service_crash @ productcatalogservice (no recovery, 100s)
[23:12:38]   -> PERSISTENT (admitted=True)
[23:13:06] CONTROL service_crash @ currencyservice (no recovery, 100s)
[23:14:54]   -> PERSISTENT (admitted=True)
[23:16:26] CONTROL service_crash @ shippingservice (no recovery, 100s)
[23:19:40]   -> PERSISTENT (admitted=True)
[23:20:20] CONTROL service_crash @ recommendationservice (no recovery, 100s)
[23:22:09]   -> PERSISTENT (admitted=True)
[23:22:56] CONTROL service_crash @ cartservice (no recovery, 100s)
[23:24:45]   -> PERSISTENT (admitted=True)
[23:26:14] CONTROL service_crash @ redis-cart (no recovery, 100s)
[23:28:03]   -> PERSISTENT (admitted=True)
[23:28:23] CONTROL deploy_misconfig @ productcatalogservice (no recovery, 100s)
[23:30:12]   -> PERSISTENT (admitted=True)
[23:30:51] CONTROL deploy_misconfig @ currencyservice (no recovery, 100s)
[23:32:40]   -> PERSISTENT (admitted=True)
[23:33:31] CONTROL deploy_misconfig @ shippingservice (no recovery, 100s)
[23:35:20]   -> PERSISTENT (admitted=True)
[23:36:06] CONTROL deploy_misconfig @ recommendationservice (no recovery, 100s)
[23:37:55]   -> PERSISTENT (admitted=True)
[23:38:25] CONTROL deploy_misconfig @ redis-cart (no recovery, 100s)
[23:40:15]   -> SELF_HEALED (admitted=False)
[23:40:28] CONTROL resource_exhaustion @ currencyservice (no recovery, 100s)
[23:42:18]   -> PERSISTENT (admitted=True)
[23:43:11] CONTROL resource_exhaustion @ shippingservice (no recovery, 100s)
[23:45:00]   -> SELF_HEALED (admitted=False)
[23:45:17] CONTROL resource_exhaustion @ recommendationservice (no recovery, 100s)
[23:47:07]   -> PERSISTENT (admitted=True)
[23:52:12] CONTROL resource_exhaustion @ cartservice (no recovery, 100s)
[23:56:12] CONTROL resource_exhaustion @ redis-cart (no recovery, 100s)
[00:00:13] admitted cells (12): [('deploy_misconfig', 'currencyservice'), ('deploy_misconfig', 'productcatalogservice'), ('deploy_misconfig', 'recommendationservice'), ('deploy_misconfig', 'shippingservice'), ('resource_exhaustion', 'currencyservice'), ('resource_exhaustion', 'recommendationservice'), ('service_crash', 'cartservice'), ('service_crash', 'currencyservice'), ('service_crash', 'productcatalogservice'), ('service_crash', 'recommendationservice'), ('service_crash', 'redis-cart'), ('service_crash', 'shippingservice')]
